2026-04-25T18:52:26Z allow need=waterfall-homepage step=BOOTSTRAP:DETERMINE_NAME agent_type=pm expected=pm
2026-04-25T18:53:08Z allow need=waterfall-homepage step=BOOTSTRAP:RUN_BOOTSTRAP agent_type=pm expected=pm
2026-04-25T18:53:36Z allow need=waterfall-homepage step=BOOTSTRAP:STORE_PATH agent_type=pm expected=pm
2026-04-25T18:54:21Z allow need=waterfall-homepage step=BOOTSTRAP:COLLECT_CARD_NUM agent_type=pm expected=pm
2026-04-25T19:01:41Z allow need=waterfall-homepage step=BOOTSTRAP:COLLECT_BRANCH_TYPE agent_type=pm expected=pm
2026-04-25T19:02:35Z allow need=waterfall-homepage step=BOOTSTRAP:CREATE_BRANCH_Q agent_type=pm expected=pm
2026-04-25T19:03:04Z allow need=waterfall-homepage step=BOOTSTRAP:SPAWN_TEAM agent_type=pm expected=pm
2026-04-25T19:22:24Z allow need=waterfall-homepage step=REQUIREMENTS:COLLECT_PRD agent_type=po expected=po
2026-04-25T19:28:27Z allow need=waterfall-homepage step=REQUIREMENTS:GENERATE_PRD agent_type=po expected=po
2026-04-25T19:31:37Z allow need=waterfall-homepage step=REQUIREMENTS:CHECKPOINT_REQ agent_type=pm expected=pm
2026-04-25T19:36:00Z allow need=waterfall-homepage step=FUNCTIONAL_SPECS:INTERVIEW_SPECS agent_type=po expected=po
2026-04-25T19:36:39Z allow need=waterfall-homepage step=FUNCTIONAL_SPECS:GENERATE_SPECS agent_type=po expected=po
2026-04-25T19:36:58Z allow need=waterfall-homepage step=FUNCTIONAL_SPECS:GENERATE_ACCEPTANCE agent_type=po expected=po
2026-04-25T19:38:21Z allow need=waterfall-homepage step=FUNCTIONAL_SPECS:VALIDATE_SPECS agent_type=or expected=or
2026-04-25T19:39:06Z allow need=waterfall-homepage step=FUNCTIONAL_SPECS:CHECKPOINT_FUNC agent_type=pm expected=pm
2026-04-25T19:42:35Z allow need=waterfall-homepage step=TECHNICAL_DESIGN:GENERATE_DESIGN agent_type=tl expected=tl
2026-04-25T19:55:05Z allow need=waterfall-homepage step=TECHNICAL_DESIGN:CHECKPOINT_DESIGN agent_type=pm expected=pm
2026-04-25T19:57:18Z allow need=waterfall-homepage step=REVIEW:RV_REVIEW agent_type=rv expected=rv
2026-04-25T20:04:12Z allow need=waterfall-homepage step=REVIEW:RV_REVIEW agent_type=rv expected=rv
2026-04-25T20:04:39Z allow need=waterfall-homepage step=REVIEW:CHECK_EXIT agent_type=or expected=or
2026-04-25T20:07:42Z allow need=waterfall-homepage step=PLANNING:GENERATE_TASKS agent_type=tl expected=tl
2026-04-25T20:09:09Z allow need=waterfall-homepage step=PLANNING:ASSIGN_WORKTREES agent_type=tl expected=tl
2026-04-25T20:10:47Z allow need=waterfall-homepage step=PLANNING:CHECKPOINT_TASKS agent_type=pm expected=pm
2026-04-25T20:20:30Z allow need=waterfall-homepage step=IMPLEMENTATION:DV_IMPLEMENT agent_type=or expected=or
2026-04-25T20:26:35Z allow need=waterfall-homepage step=IMPLEMENTATION:TL_SUPERVISE agent_type=tl expected=tl
2026-04-25T20:27:55Z allow need=waterfall-homepage step=IMPLEMENTATION:CHECKPOINT_IMPL agent_type=pm expected=pm
2026-04-25T20:28:43Z allow need=waterfall-homepage step=IMPLEMENTATION:MERGE_WORKTREES agent_type=pm expected=pm
2026-04-25T20:31:43Z block need=waterfall-homepage step=CODE_REVIEW:TL_REVIEW agent_type=or expected=tl reason=role_mismatch
2026-04-25T20:32:37Z allow need=waterfall-homepage step=CODE_REVIEW:TL_REVIEW agent_type=tl expected=tl
2026-04-25T20:33:09Z allow need=waterfall-homepage step=CODE_REVIEW:TL_REVIEW agent_type=tl expected=tl
2026-04-25T20:33:42Z allow need=waterfall-homepage step=CODE_REVIEW:CHECK_CR_EXIT agent_type=or expected=or
2026-04-25T20:34:32Z allow need=waterfall-homepage step=CODE_REVIEW:CHECK_CR_EXIT agent_type=or expected=or
2026-04-25T20:35:50Z block need=waterfall-homepage step=VALIDATION:PO_VALIDATE agent_type=or expected=qa reason=role_mismatch
2026-04-25T20:40:07Z allow need=waterfall-homepage step=VALIDATION:QA_ACCEPTANCE_TEST agent_type=qa expected=qa
2026-04-25T20:42:29Z allow need=waterfall-homepage step=VALIDATION:HO_VALIDATE agent_type=pm expected=pm
2026-04-25T20:42:37Z allow need=waterfall-homepage step=VALIDATION:HO_VALIDATE agent_type=pm expected=pm
2026-04-25T20:42:45Z allow need=waterfall-homepage step=VALIDATION:HO_VALIDATE agent_type=pm expected=pm
2026-04-25T20:42:52Z allow need=waterfall-homepage step=VALIDATION:HO_VALIDATE agent_type=pm expected=pm
2026-04-25T20:43:40Z allow need=waterfall-homepage step=VALIDATION:CHECKPOINT_VALID agent_type=pm expected=pm
2026-04-25T20:43:55Z allow need=waterfall-homepage step=CLOSURE:CLEANUP_WORKTREES agent_type=pm expected=pm
2026-04-25T20:46:36Z allow need=waterfall-homepage step=CLOSURE:COMMIT agent_type=pm expected=pm
2026-04-25T20:46:56Z allow need=waterfall-homepage step=CLOSURE:COMMIT agent_type=pm expected=pm
2026-04-25T20:48:23Z allow need=waterfall-homepage step=CLOSURE:PUSH agent_type=pm expected=pm
2026-04-25T20:48:48Z allow need=waterfall-homepage step=CLOSURE:PR_CREATE agent_type=pm expected=pm
2026-04-25T20:49:34Z allow need=waterfall-homepage step=CLOSURE:HO_MERGE agent_type=pm expected=pm
2026-04-25T20:49:58Z allow need=waterfall-homepage step=CLOSURE:BILAN agent_type=or expected=or
2026-04-25T20:50:07Z allow need=waterfall-homepage step=CLOSURE:LOG_AUDIT agent_type=or expected=or
2026-04-25T20:52:19Z allow need=waterfall-homepage step=CLOSURE:CLEANUP agent_type=pm expected=pm
