2026-04-26T14:07:42Z allow need=homepage-design step=BOOTSTRAP:DETERMINE_NAME agent_type=pm expected=pm
2026-04-26T14:08:03Z allow need=homepage-design step=BOOTSTRAP:RUN_BOOTSTRAP agent_type=pm expected=pm
2026-04-26T14:08:32Z allow need=homepage-design step=BOOTSTRAP:COLLECT_CARD_NUM agent_type=pm expected=pm
2026-04-26T14:08:59Z allow need=homepage-design step=BOOTSTRAP:COLLECT_BRANCH_TYPE agent_type=pm expected=pm
2026-04-26T14:10:35Z allow need=homepage-design step=BOOTSTRAP:CREATE_BRANCH_Q agent_type=pm expected=pm
2026-04-26T14:10:48Z allow need=homepage-design step=BOOTSTRAP:SPAWN_TEAM agent_type=pm expected=pm
2026-04-26T14:16:52Z allow need=homepage-design step=REQUIREMENTS:COLLECT_PRD agent_type=po expected=po
2026-04-26T14:16:59Z allow need=homepage-design step=REQUIREMENTS:COLLECT_PRD agent_type=po expected=po
2026-04-26T14:17:15Z allow need=homepage-design step=REQUIREMENTS:GENERATE_PRD agent_type=po expected=po
2026-04-26T14:18:39Z allow need=homepage-design step=REQUIREMENTS:CHECKPOINT_REQ agent_type=pm expected=pm
2026-04-26T14:22:22Z allow need=homepage-design step=FUNCTIONAL_SPECS:INTERVIEW_SPECS agent_type=po expected=po
2026-04-26T14:23:36Z allow need=homepage-design step=FUNCTIONAL_SPECS:GENERATE_SPECS agent_type=po expected=po
2026-04-26T14:23:44Z allow need=homepage-design step=FUNCTIONAL_SPECS:GENERATE_ACCEPTANCE agent_type=po expected=po
2026-04-26T14:26:39Z allow need=homepage-design step=FUNCTIONAL_SPECS:VALIDATE_SPECS agent_type=or expected=or
2026-04-26T14:27:40Z allow need=homepage-design step=FUNCTIONAL_SPECS:CHECKPOINT_FUNC agent_type=pm expected=pm
2026-04-26T14:32:16Z block need=homepage-design step=TECHNICAL_DESIGN:GENERATE_DESIGN agent_type=or expected=tl reason=role_mismatch
2026-04-26T14:32:37Z allow need=homepage-design step=TECHNICAL_DESIGN:GENERATE_DESIGN agent_type=tl expected=tl
2026-04-26T14:33:41Z allow need=homepage-design step=TECHNICAL_DESIGN:CHECKPOINT_DESIGN agent_type=pm expected=pm
2026-04-26T14:36:46Z allow need=homepage-design step=REVIEW:RV_REVIEW agent_type=rv expected=rv
2026-04-26T14:37:22Z allow need=homepage-design step=REVIEW:CHECK_EXIT agent_type=or expected=or
2026-04-26T14:39:42Z allow need=homepage-design step=PLANNING:GENERATE_TASKS agent_type=tl expected=tl
2026-04-26T14:40:28Z allow need=homepage-design step=PLANNING:ASSIGN_WORKTREES agent_type=tl expected=tl
2026-04-26T14:43:51Z allow need=homepage-design step=PLANNING:CHECKPOINT_TASKS agent_type=pm expected=pm
2026-04-26T14:51:24Z allow need=homepage-design step=IMPLEMENTATION:DV_IMPLEMENT agent_type=or expected=or
2026-04-26T14:52:21Z allow need=homepage-design step=IMPLEMENTATION:TL_SUPERVISE agent_type=tl expected=tl
2026-04-26T17:05:03Z allow need=homepage-design step=IMPLEMENTATION:CHECKPOINT_IMPL agent_type=pm expected=pm
2026-04-26T17:05:29Z allow need=homepage-design step=IMPLEMENTATION:MERGE_WORKTREES agent_type=pm expected=pm
2026-04-26T17:06:55Z allow need=homepage-design step=CODE_REVIEW:TL_REVIEW agent_type=tl expected=tl
2026-04-26T17:07:44Z allow need=homepage-design step=CODE_REVIEW:CHECK_CR_EXIT agent_type=or expected=or
2026-04-26T17:11:26Z allow need=homepage-design step=VALIDATION:PO_VALIDATE agent_type=qa expected=qa
2026-04-26T17:12:12Z allow need=homepage-design step=VALIDATION:QA_ACCEPTANCE_TEST agent_type=qa expected=qa
2026-04-26T17:17:51Z allow need=homepage-design step=VALIDATION:HO_VALIDATE agent_type=pm expected=pm
2026-04-26T17:18:04Z allow need=homepage-design step=VALIDATION:CHECKPOINT_VALID agent_type=pm expected=pm
2026-04-26T17:20:45Z allow need=homepage-design step=VALIDATION:PO_VALIDATE agent_type=qa expected=qa
2026-04-26T17:20:53Z allow need=homepage-design step=VALIDATION:QA_ACCEPTANCE_TEST agent_type=qa expected=qa
2026-04-26T17:21:45Z allow need=homepage-design step=VALIDATION:HO_VALIDATE agent_type=pm expected=pm
2026-04-26T17:21:59Z allow need=homepage-design step=VALIDATION:CHECKPOINT_VALID agent_type=pm expected=pm
2026-04-26T17:22:19Z allow need=homepage-design step=CLOSURE:CLEANUP_WORKTREES agent_type=pm expected=pm
