2026-04-26T07:40:04Z allow need=waterfall-polish-quickwins step=BOOTSTRAP:DETERMINE_NAME agent_type=pm expected=pm
2026-04-26T07:40:46Z allow need=waterfall-polish-quickwins step=BOOTSTRAP:RUN_BOOTSTRAP agent_type=pm expected=pm
2026-04-26T07:41:03Z allow need=waterfall-polish-quickwins step=BOOTSTRAP:STORE_PATH agent_type=pm expected=pm
2026-04-26T07:41:45Z allow need=waterfall-polish-quickwins step=BOOTSTRAP:COLLECT_CARD_NUM agent_type=pm expected=pm
2026-04-26T07:42:13Z allow need=waterfall-polish-quickwins step=BOOTSTRAP:COLLECT_BRANCH_TYPE agent_type=pm expected=pm
2026-04-26T07:43:08Z allow need=waterfall-polish-quickwins step=BOOTSTRAP:CREATE_BRANCH_Q agent_type=pm expected=pm
2026-04-26T07:43:21Z allow need=waterfall-polish-quickwins step=BOOTSTRAP:SPAWN_TEAM agent_type=pm expected=pm
2026-04-26T07:47:30Z allow need=waterfall-polish-quickwins step=REQUIREMENTS:COLLECT_PRD agent_type=po expected=po
2026-04-26T07:48:56Z allow need=waterfall-polish-quickwins step=REQUIREMENTS:GENERATE_PRD agent_type=po expected=po
2026-04-26T07:53:40Z allow need=waterfall-polish-quickwins step=REQUIREMENTS:CHECKPOINT_REQ agent_type=pm expected=pm
2026-04-26T07:54:00Z allow need=waterfall-polish-quickwins step=REQUIREMENTS:CHECKPOINT_REQ agent_type=pm expected=pm
2026-04-26T07:55:56Z allow need=waterfall-polish-quickwins step=FUNCTIONAL_SPECS:INTERVIEW_SPECS agent_type=po expected=po
2026-04-26T07:57:23Z allow need=waterfall-polish-quickwins step=FUNCTIONAL_SPECS:GENERATE_SPECS agent_type=po expected=po
2026-04-26T07:58:07Z allow need=waterfall-polish-quickwins step=FUNCTIONAL_SPECS:GENERATE_ACCEPTANCE agent_type=po expected=po
2026-04-26T07:59:04Z allow need=waterfall-polish-quickwins step=FUNCTIONAL_SPECS:VALIDATE_SPECS agent_type=or expected=or
2026-04-26T08:01:35Z allow need=waterfall-polish-quickwins step=FUNCTIONAL_SPECS:CHECKPOINT_FUNC agent_type=pm expected=pm
2026-04-26T08:15:14Z allow need=waterfall-polish-quickwins step=TECHNICAL_DESIGN:GENERATE_DESIGN agent_type=tl expected=tl
2026-04-26T08:16:57Z allow need=waterfall-polish-quickwins step=TECHNICAL_DESIGN:CHECKPOINT_DESIGN agent_type=pm expected=pm
2026-04-26T08:19:18Z allow need=waterfall-polish-quickwins step=REVIEW:RV_REVIEW agent_type=rv expected=rv
2026-04-26T08:19:24Z allow need=waterfall-polish-quickwins step=REVIEW:RV_REVIEW agent_type=rv expected=rv
2026-04-26T08:19:36Z block need=waterfall-polish-quickwins step=REVIEW:CHECK_EXIT agent_type=rv expected=or reason=role_mismatch
2026-04-26T08:23:46Z allow need=waterfall-polish-quickwins step=REVIEW:CHECK_EXIT agent_type=or expected=or
2026-04-26T08:25:47Z allow need=waterfall-polish-quickwins step=PLANNING:GENERATE_TASKS agent_type=tl expected=tl
2026-04-26T08:35:26Z allow need=waterfall-polish-quickwins step=PLANNING:ASSIGN_WORKTREES agent_type=tl expected=tl
2026-04-26T08:39:41Z allow need=waterfall-polish-quickwins step=PLANNING:CHECKPOINT_TASKS agent_type=pm expected=pm
2026-04-26T08:51:45Z allow need=waterfall-polish-quickwins step=BOOTSTRAP:HO_VALIDATE agent_type=dv3 expected=unknown reason=unknown_step
2026-04-26T09:03:35Z allow need=waterfall-polish-quickwins step=IMPLEMENTATION:DV_IMPLEMENT agent_type=or expected=or
2026-04-26T09:04:28Z allow need=waterfall-polish-quickwins step=IMPLEMENTATION:TL_SUPERVISE agent_type=tl expected=tl
2026-04-26T09:14:24Z allow need=waterfall-polish-quickwins step=IMPLEMENTATION:CHECKPOINT_IMPL agent_type=pm expected=pm
2026-04-26T09:14:49Z allow need=waterfall-polish-quickwins step=IMPLEMENTATION:MERGE_WORKTREES agent_type=pm expected=pm
2026-04-26T09:18:04Z allow need=waterfall-polish-quickwins step=CODE_REVIEW:TL_REVIEW agent_type=tl expected=tl
2026-04-26T09:21:30Z allow need=waterfall-polish-quickwins step=CODE_REVIEW:CHECK_CR_EXIT agent_type=or expected=or
2026-04-26T09:25:05Z allow need=waterfall-polish-quickwins step=VALIDATION:PO_VALIDATE agent_type=qa expected=qa
2026-04-26T09:25:42Z allow need=waterfall-polish-quickwins step=VALIDATION:QA_ACCEPTANCE_TEST agent_type=qa expected=qa
2026-04-26T09:44:06Z allow need=waterfall-polish-quickwins step=VALIDATION:HO_VALIDATE agent_type=pm expected=pm
2026-04-26T09:44:21Z allow need=waterfall-polish-quickwins step=VALIDATION:CHECKPOINT_VALID agent_type=pm expected=pm
2026-04-26T09:44:36Z allow need=waterfall-polish-quickwins step=CLOSURE:CLEANUP_WORKTREES agent_type=pm expected=pm
2026-04-26T09:47:06Z allow need=waterfall-polish-quickwins step=CLOSURE:COMMIT agent_type=pm expected=pm
2026-04-26T10:29:15Z allow need=waterfall-polish-quickwins step=CLOSURE:PUSH agent_type=pm expected=pm
2026-04-26T11:56:12Z allow need=waterfall-polish-quickwins step=CLOSURE:PR_CREATE agent_type=pm expected=pm
2026-04-26T11:56:27Z allow need=waterfall-polish-quickwins step=CLOSURE:HO_MERGE agent_type=pm expected=pm
2026-04-26T11:58:11Z allow need=waterfall-polish-quickwins step=CLOSURE:BILAN agent_type=or expected=or
2026-04-26T11:58:59Z allow need=waterfall-polish-quickwins step=CLOSURE:LOG_AUDIT agent_type=or expected=or
2026-04-26T12:00:02Z allow need=waterfall-polish-quickwins step=CLOSURE:CLEANUP agent_type=pm expected=pm
2026-04-26T12:00:16Z allow need=waterfall-polish-quickwins step=CLOSURE:ARCHIVE agent_type=pm expected=pm
